******************************************************************************
         TMS320C54x COFF Linker PC Version 3.83                
******************************************************************************
>> Linked Mon Aug 15 17:42:26 2016

OUTPUT FILE NAME:   <./Debug/DFT.out>
ENTRY POINT SYMBOL: "_c_int00"  address: 00000341


MEMORY CONFIGURATION

                  name            origin    length      used    attr    fill
         ----------------------  --------  ---------  --------  ----  --------
PAGE  0: RESEVE                  00000000   00000080  00000000  RWIX
         VECT                    00000080   00000080  00000000  RWIX
         PROG1                   00000100   00001200  00000905  RWIX

PAGE  1: RESEVE1                 00000000   00001300  00000000  RWIX
         DARAM2                  00001300   00000400  00000190  RWIX
         DARAM1                  00001700   00002900  00000792  RWIX


SECTION ALLOCATION MAP

 output                                  attributes/
section   page    origin      length       input sections
--------  ----  ----------  ----------   ----------------
.vectors   0    00000080    00000000     UNINITIALIZED

.switch    0    00000100    00000000     UNINITIALIZED

.text      0    00000100    000008f2     
                  00000100    00000241     dft.obj (.text)
                  00000341    0000004a     rts.lib : boot.obj (.text)
                  0000038b    00000070             : cos.obj (.text)
                  000003fb    00000052             : exit.obj (.text)
                  0000044d    0000009f             : f_add.obj (.text)
                  000004ec    0000009a             : f_div.obj (.text)
                  00000586    00000001             : f_error.obj (.text)
                  00000587    0000003c             : f_ftoi.obj (.text)
                  000005c3    0000002b             : f_itof.obj (.text)
                  000005ee    00000073             : f_mul.obj (.text)
                  00000661    00000005             : f_neg.obj (.text)
                  00000666    00000009             : f_sub.obj (.text)
                  0000066f    000000ac             : pow.obj (.text)
                  0000071b    0000008a             : sin.obj (.text)
                  000007a5    000000b1             : sqrt.obj (.text)
                  00000856    00000007             : _lock.obj (.text)
                  0000085d    00000082             : _log.obj (.text)
                  000008df    00000092             : exp.obj (.text)
                  00000971    00000020             : f_cmp.obj (.text)
                  00000991    00000021             : frexp.obj (.text)
                  000009b2    00000040             : ldexp.obj (.text)

.cinit     0    000009f2    00000013     
                  000009f2    00000009     rts.lib : exit.obj (.cinit)
                  000009fb    00000006             : _lock.obj (.cinit)
                  00000a01    00000003             : errno.obj (.cinit)
                  00000a04    00000001     --HOLE-- [fill = 0]

.data      1    00001300    00000000     UNINITIALIZED

.system    1    00001300    00000000     UNINITIALIZED

.stack     1    00001300    00000190     UNINITIALIZED

.const     1    00001700    00000064     
                  00001700    00000014     rts.lib : exp.obj (.const)
                  00001714    00000012             : sin.obj (.const)
                  00001726    00000012             : cos.obj (.const)
                  00001738    0000000e     dft.obj (.const)
                  00001746    0000000c     rts.lib : _log.obj (.const)
                  00001752    00000008             : sqrt.obj (.const)
                  0000175a    00000006             : ldexp.obj (.const)
                  00001760    00000004             : pow.obj (.const)

.bss       1    00001764    0000072e     UNINITIALIZED
                  00001764    00000708     dft.obj (.bss)
                  00001e6c    00000023     rts.lib : exit.obj (.bss)
                  00001e8f    00000002             : _lock.obj (.bss)
                  00001e91    00000001             : errno.obj (.bss)


GLOBAL SYMBOLS: SORTED ALPHABETICALLY BY Name 

address    name
--------   ----
00001764   .bss
00001300   .data
00000100   .text
0000044a   C$$EXIT
0000044d   F$$ADD
00000971   F$$COMPARE
000004ec   F$$DIV
00000587   F$$FTOI
000005c3   F$$ITOF
000005ee   F$$MUL
00000661   F$$NEG
00000666   F$$SUB
00000190   __STACK_SIZE
00001764   ___bss__
000009f2   ___cinit__
00001300   ___data__
00001300   ___edata__
00001e92   ___end__
000009f2   ___etext__
ffffffff   ___pinit__
00000100   ___text__
00001e8d   __cleanup_ptr
00001e8e   __dtors_ptr
00000001   __lflags
00001e8f   __lock
0000085d   __log
00000856   __nop
00000857   __register_lock
0000085a   __register_unlock
00001e90   __unlock
0000044a   _abort
00001a84   _adata
00000428   _atexit
00001c14   _bdata
00000341   _c_int00
0000038b   _cos
000001f1   _dft
00001e91   _errno
000003fb   _exit
000008df   _exp
00000586   _f$$error
00000991   _frexp
000002dd   _getmod
000009b2   _ldexp
00000100   _main
0000066f   _pow
00001da4   _sdata
0000071b   _sin
000007a5   _sqrt
00001764   _xdata
000018f4   _ydata
000009f2   cinit
00001300   edata
00001e92   end
000009f2   etext
ffffffff   pinit


GLOBAL SYMBOLS: SORTED BY Symbol Address 

address    name
--------   ----
00000001   __lflags
00000100   _main
00000100   .text
00000100   ___text__
00000190   __STACK_SIZE
000001f1   _dft
000002dd   _getmod
00000341   _c_int00
0000038b   _cos
000003fb   _exit
00000428   _atexit
0000044a   C$$EXIT
0000044a   _abort
0000044d   F$$ADD
000004ec   F$$DIV
00000586   _f$$error
00000587   F$$FTOI
000005c3   F$$ITOF
000005ee   F$$MUL
00000661   F$$NEG
00000666   F$$SUB
0000066f   _pow
0000071b   _sin
000007a5   _sqrt
00000856   __nop
00000857   __register_lock
0000085a   __register_unlock
0000085d   __log
000008df   _exp
00000971   F$$COMPARE
00000991   _frexp
000009b2   _ldexp
000009f2   ___etext__
000009f2   etext
000009f2   ___cinit__
000009f2   cinit
00001300   ___data__
00001300   edata
00001300   .data
00001300   ___edata__
00001764   .bss
00001764   ___bss__
00001764   _xdata
000018f4   _ydata
00001a84   _adata
00001c14   _bdata
00001da4   _sdata
00001e8d   __cleanup_ptr
00001e8e   __dtors_ptr
00001e8f   __lock
00001e90   __unlock
00001e91   _errno
00001e92   end
00001e92   ___end__
ffffffff   pinit
ffffffff   ___pinit__

[56 symbols]
